add device 1: /dev/input/event8
  name:     "uinput-fpc"
add device 2: /dev/input/event7
  name:     "holi-qrdsku1-snd-card USB_3_5 Jack"
add device 3: /dev/input/event6
  name:     "holi-qrdsku1-snd-card Button Jack"
add device 4: /dev/input/event5
  name:     "holi-qrdsku1-snd-card Headset Jack"
add device 5: /dev/input/event2
  name:     "virtual-sar"
add device 6: /dev/input/event0
  name:     "qpnp_pon"
add device 7: /dev/input/event4
  name:     "fts_ts"
add device 8: /dev/input/event1
  name:     "uinput-goodix"
add device 9: /dev/input/event3
  name:     "gpio-keys"
[  464078.056729] /dev/input/event4: EV_ABS       ABS_MT_TRACKING_ID   0000041f            
[  464078.056729] /dev/input/event4: EV_ABS       ABS_MT_PRESSURE      00000002            
[  464078.056729] /dev/input/event4: EV_ABS       ABS_MT_POSITION_X    00002640            
[  464078.056729] /dev/input/event4: EV_ABS       ABS_MT_POSITION_Y    000058df            
[  464078.056729] /dev/input/event4: EV_KEY       BTN_TOUCH            DOWN                
[  464078.056729] /dev/input/event4: EV_SYN       SYN_REPORT           00000000            
[  464078.062726] /dev/input/event4: EV_ABS       ABS_MT_TRACKING_ID   ffffffff            
