add device 1: /dev/input/event8
  name:     "uinput-fpc"
add device 2: /dev/input/event7
  name:     "holi-qrdsku1-snd-card USB_3_5 Jack"
add device 3: /dev/input/event6
  name:     "holi-qrdsku1-snd-card Button Jack"
add device 4: /dev/input/event5
  name:     "holi-qrdsku1-snd-card Headset Jack"
add device 5: /dev/input/event2
  name:     "virtual-sar"
add device 6: /dev/input/event0
  name:     "qpnp_pon"
add device 7: /dev/input/event4
  name:     "fts_ts"
add device 8: /dev/input/event1
  name:     "uinput-goodix"
add device 9: /dev/input/event3
  name:     "gpio-keys"
[  445959.327287] /dev/input/event4: EV_ABS       ABS_MT_SLOT          00000009            
[  445959.327287] /dev/input/event4: EV_ABS       ABS_MT_TRACKING_ID   000003ac            
[  445959.327287] /dev/input/event4: EV_ABS       ABS_MT_PRESSURE      00000001            
[  445959.327287] /dev/input/event4: EV_ABS       ABS_MT_TOUCH_MAJOR   00000020            
[  445959.327287] /dev/input/event4: EV_ABS       ABS_MT_POSITION_X    000024ab            
[  445959.327287] /dev/input/event4: EV_ABS       ABS_MT_POSITION_Y    00005985            
[  445959.327287] /dev/input/event4: EV_KEY       BTN_TOUCH            DOWN                
[  445959.327287] /dev/input/event4: EV_SYN       SYN_REPORT           00000000            
[  445959.329791] /dev/input/event4: EV_ABS       ABS_MT_TRACKING_ID   ffffffff            
[  445959.329791] /dev/input/event4: EV_KEY       BTN_TOUCH            UP                  
[  445959.329791] /dev/input/event4: EV_SYN       SYN_REPORT           00000000            
[  445961.573077] /dev/input/event4: EV_ABS       ABS_MT_SLOT          00000000            
[  445961.573077] /dev/input/event4: EV_ABS       ABS_MT_TRACKING_ID   000003ad            
[  445961.573077] /dev/input/event4: EV_ABS       ABS_MT_POSITION_X    00000e11            
[  445961.573077] /dev/input/event4: EV_ABS       ABS_MT_POSITION_Y    00001f07            
[  445961.573077] /dev/input/event4: EV_KEY       BTN_TOUCH            DOWN                
[  445961.573077] /dev/input/event4: EV_SYN       SYN_REPORT           00000000            
[  445961.640018] /dev/input/event4: EV_ABS       ABS_MT_TOUCH_MAJOR   00000030            
[  445961.640018] /dev/input/event4: EV_SYN       SYN_REPORT           00000000            
[  445961.655964] /dev/input/event4: EV_ABS       ABS_MT_POSITION_X    00000e1c            
[  445961.655964] /dev/input/event4: EV_ABS       ABS_MT_POSITION_Y    00001fb7            
[  445961.655964] /dev/input/event4: EV_SYN       SYN_REPORT           00000000            
[  445961.660557] /dev/input/event4: EV_ABS       ABS_MT_POSITION_X    00000e29            
[  445961.660557] /dev/input/event4: EV_ABS       ABS_MT_POSITION_Y    0000206e            
[  445961.660557] /dev/input/event4: EV_SYN       SYN_REPORT           00000000            
[  445961.664394] /dev/input/event4: EV_ABS       ABS_MT_POSITION_X    00000e41            
[  445961.664394] /dev/input/event4: EV_ABS       ABS_MT_POSITION_Y    0000213e            
[  445961.664394] /dev/input/event4: EV_SYN       SYN_REPORT           00000000            
[  445961.668917] /dev/input/event4: EV_ABS       ABS_MT_POSITION_X    00000e5b            
[  445961.668917] /dev/input/event4: EV_ABS       ABS_MT_POSITION_Y    000021fd            
[  445961.668917] /dev/input/event4: EV_SYN       SYN_REPORT           00000000            
[  445961.673069] /dev/input/event4: EV_ABS       ABS_MT_POSITION_X    00000e80            
[  445961.673069] /dev/input/event4: EV_ABS       ABS_MT_POSITION_Y    000022d8            
[  445961.673069] /dev/input/event4: EV_SYN       SYN_REPORT           00000000            
[  445961.677984] /dev/input/event4: EV_ABS       ABS_MT_POSITION_X    00000e8b            
[  445961.677984] /dev/input/event4: EV_ABS       ABS_MT_POSITION_Y    000023b9            
[  445961.677984] /dev/input/event4: EV_SYN       SYN_REPORT           00000000            
[  445961.682306] /dev/input/event4: EV_ABS       ABS_MT_POSITION_X    00000e8e            
[  445961.682306] /dev/input/event4: EV_ABS       ABS_MT_POSITION_Y    00002477            
[  445961.682306] /dev/input/event4: EV_SYN       SYN_REPORT           00000000            
[  445961.686773] /dev/input/event4: EV_ABS       ABS_MT_POSITION_X    00000e86            
[  445961.686773] /dev/input/event4: EV_ABS       ABS_MT_POSITION_Y    00002525            
[  445961.686773] /dev/input/event4: EV_SYN       SYN_REPORT           00000000            
[  445961.690631] /dev/input/event4: EV_ABS       ABS_MT_POSITION_X    00000e83            
[  445961.690631] /dev/input/event4: EV_ABS       ABS_MT_POSITION_Y    0000258e            
[  445961.690631] /dev/input/event4: EV_SYN       SYN_REPORT           00000000            
[  445961.695010] /dev/input/event4: EV_ABS       ABS_MT_POSITION_X    00000e76            
[  445961.695010] /dev/input/event4: EV_ABS       ABS_MT_POSITION_Y    00002641            
[  445961.695010] /dev/input/event4: EV_SYN       SYN_REPORT           00000000            
[  445961.700059] /dev/input/event4: EV_ABS       ABS_MT_POSITION_X    00000e66            
[  445961.700059] /dev/input/event4: EV_ABS       ABS_MT_POSITION_Y    000026ea            
[  445961.700059] /dev/input/event4: EV_SYN       SYN_REPORT           00000000            
[  445961.704124] /dev/input/event4: EV_ABS       ABS_MT_POSITION_X    00000e46            
[  445961.704124] /dev/input/event4: EV_ABS       ABS_MT_POSITION_Y    000027f0            
[  445961.704124] /dev/input/event4: EV_SYN       SYN_REPORT           00000000            
[  445961.708726] /dev/input/event4: EV_ABS       ABS_MT_POSITION_X    00000e34            
[  445961.708726] /dev/input/event4: EV_ABS       ABS_MT_POSITION_Y    000028e4            
[  445961.708726] /dev/input/event4: EV_SYN       SYN_REPORT           00000000            
[  445961.712940] /dev/input/event4: EV_ABS       ABS_MT_POSITION_X    00000e14            
[  445961.712940] /dev/input/event4: EV_ABS       ABS_MT_POSITION_Y    000029b7            
[  445961.712940] /dev/input/event4: EV_SYN       SYN_REPORT           00000000            
[  445961.717211] /dev/input/event4: EV_ABS       ABS_MT_POSITION_X    00000df1            
[  445961.717211] /dev/input/event4: EV_ABS       ABS_MT_POSITION_Y    00002ab0            
[  445961.717211] /dev/input/event4: EV_SYN       SYN_REPORT           00000000            
[  445961.721834] /dev/input/event4: EV_ABS       ABS_MT_POSITION_X    00000d9d            
[  445961.721834] /dev/input/event4: EV_ABS       ABS_MT_POSITION_Y    00002bb7            
[  445961.721834] /dev/input/event4: EV_SYN       SYN_REPORT           00000000            
[  445961.725010] /dev/input/event4: EV_ABS       ABS_MT_TRACKING_ID   ffffffff            
[  445961.725010] /dev/input/event4: EV_KEY       BTN_TOUCH            UP                  
[  445961.725010] /dev/input/event4: EV_SYN       SYN_REPORT           00000000            
[  445963.382452] /dev/input/event4: EV_ABS       ABS_MT_TRACKING_ID   000003ae            
[  445963.382452] /dev/input/event4: EV_ABS       ABS_MT_PRESSURE      00000001            
[  445963.382452] /dev/input/event4: EV_ABS       ABS_MT_TOUCH_MAJOR   00000020            
[  445963.382452] /dev/input/event4: EV_ABS       ABS_MT_POSITION_X    000003fa            
[  445963.382452] /dev/input/event4: EV_ABS       ABS_MT_POSITION_Y    0000059f            
[  445963.382452] /dev/input/event4: EV_KEY       BTN_TOUCH            DOWN                
[  445963.382452] /dev/input/event4: EV_SYN       SYN_REPORT           00000000            
[  445963.402730] /dev/input/event4: EV_ABS       ABS_MT_PRESSURE      00000002            
[  445963.402730] /dev/input/event4: EV_SYN       SYN_REPORT           00000000            
[  445963.445492] /dev/input/event4: EV_ABS       ABS_MT_TRACKING_ID   ffffffff            
[  445963.445492] /dev/input/event4: EV_KEY       BTN_TOUCH            UP                  
[  445963.445492] /dev/input/event4: EV_SYN       SYN_REPORT           00000000            
